# Supports Averaging, Camera PV, EVR PV prefix, Description, Lens PV
#   EVR PV with blank value ("") means the same EVR as previous camera
AVG, HXX:HXM:CVV:01, XRT:R04:EVR:33,  MEC YAG 0, HXX:HXM:CLZ:01
AVG, MEC:HXM:CVV:01, XRT:R44:EVR:38,  MEC YAG 1, MEC:HXM:CLZ:01
AVG, MEC:XT2:CVV:01, MEC:CAM4:EVR, MEC YAG 2, MEC:XT2:CLZ:01
AVG, MEC:XT2:CVV:02, MEC:CAM4:EVR, MEC YAG 3, MEC:XT2:CLZ:02
LIF, HFX:DG2:CVV:01, XRT:R32:EVR:41,  XCS Yag2, HFX:DG2:CLZ:01
#LIF, SXR:YAG:CVV:01, SXR:YAG:EVR:01,  SXR Shared
AVG, HX2:SB1:CVV:01, HX2:EVR:YAG,  SXR Shared, HX2:SB1:CLZ:01
AVG, MEC:OPAL1K:1,   EVR:MEC:HXS,   MEC Opal 1
GE,  MEC:GIGE:IMAGE1, None, MEC Questar 1, MEC:TC1:MMS:20 
GE,  MEC:GIGE:IMAGE2, None, MEC Questar 2, MEC:TC1:MMS:21
GE,  MEC:GIGE:IMAGE3, None, GigE3
GE,  MEC:GIGE:IMAGE4, None, GigE4
GE,  MEC:LAS:IMAGE8, None, UserGigE
GE,  MEC:LAS:GIGE:IMAGE1, None, MEC Laser 1
GE,  MEC:LAS:GIGE:IMAGE2, None, MEC Laser 2
GE,  MEC:LAS:GIGE:IMAGE3, None, MEC Laser 3
GE,  MEC:LAS:GIGE:IMAGE4, None, MEC Laser 4
GE,  MEC:LAS:GIGE:IMAGE5, None, MEC Laser 5
GE,  MEC:LAS:GIGE:IMAGE6, None, MEC Laser 6
GE,  MEC:LAS:GIGE:IMAGE7, None, MEC Laser 7
