# Type, Camera PV prefix, EVR PV prefix, Description, Lens PV
#   EVR PV with blank value ("") means the same EVR as previous camera
IC,  CAMR:FEE1:1561, EVR:FEE1:712,    FEE P1
IC,  CAMR:FEE1:852,  EVR:FEE1:712,    FEE P2H
IC,  CAMR:FEE1:1692, EVR:FEE1:722,    FEE P2S
IC,  CAMR:FEE1:913,  EVR:FEE1:712,    FEE P3H
IC,  CAMR:FEE1:1953, EVR:FEE1:722,    FEE P3S1
IC,  CAMR:FEE1:2953, EVR:FEE1:722,    FEE P3S2
IC,  CAMR:NEH1:124,  EVR:NEH1:111,    FEE P4H
IC,  CAMR:NEH1:1124, EVR:NEH1:121,    FEE P4S1
IC,  CAMR:NEH1:2124, EVR:NEH1:121,    FEE P4S2
IC:Z, CAMR:FEE1:441, EVR:FEE1:HXS, FEE Spectrometer
#AVG, SXR:YAG:CVV:01, SXR:YAG:EVR:01,  SXR Shared, HX2:SB1:CLZ:01
AVG, HX2:SB1:CVV:01, HX2:EVR:YAG,  SXR Shared, HX2:SB1:CLZ:01
LIF, HXX:UM6:CVV:01, XRT:R05:EVR:??,  XCS YAG1, HXX:UM6:CLZ:01
AVG, HFX:DG2:CVV:01, XRT:R32:EVR:41,  XCS Yag2, HFX:DG2:CLZ:01
AVG, HFX:DG3:CVV:01, XRT:R38:EVR:42,  XCS Yag3m, HFX:DG3:CLZ:01
AVG, XCS:DG3:CVV:02, XRT:R38:EVR:42,  XCS Yag3, XCS:DG3:CLZ:01
GE,  XPP:GIGE:CAM:1:IMAGE;XPP:GIGE:CAM:1,, XPP Gige 1,
GE,  XPP:GIGE:CAM:2:IMAGE;XPP:GIGE:CAM:2,, XPP Gige 2,
GE,  XPP:GIGE:CAM:3:IMAGE;XPP:GIGE:CAM:3,, XPP Gige 3,
GE,  XPP:GIGE:CAM:4:IMAGE;XPP:GIGE:CAM:4,, XPP Gige 4,
GE,  XPP:GIGE:CAM:5:IMAGE;XPP:GIGE:CAM:5,, XPP Gige 5,
GE,  XPP:GIGE:CAM:6:IMAGE1;XPP:GIGE:CAM:6,, XPP Gige 6,
GE,  XPP:GIGE:CAM:7:IMAGE1;XPP:GIGE:CAM:7,, XPP Gige 7,
#GE,  XPP:GIGE:image5, None, XPP Gige 5
#GE,  XPP:GIGE:image6, None, XPP Gige 6
AVG:D, XPP:OPAL1K:1, XPP:R30:EVR:27, XPP Opal
GE,  orts:DMP1:695:IMAGE, None, XTCAV
MCC, OTRS:DMP1:695, None, OTRDMP
